// Jest Snapshot v1, https://goo.gl/fbAQLP

exports[`render counter component 1`] = `
<DocumentFragment>
  <div
    class="counter"
  >
    <span
      class="text text_lg text_white text_bold padding-h_right_10px"
    >
      2
    </span>
    <span
      class="text text_normal text_md text_white"
    >
      movies found
    </span>
  </div>
</DocumentFragment>
`;
